../Core/Src/main.c:80:5:main	72	static
../Core/Src/main.c:162:6:SystemClock_Config	80	static
../Core/Src/main.c:206:13:MX_CRC_Init	8	static
../Core/Src/main.c:232:13:MX_USART1_UART_Init	8	static
../Core/Src/main.c:265:13:MX_USART2_UART_Init	8	static
../Core/Src/main.c:298:13:MX_GPIO_Init	48	static
../Core/Src/main.c:335:6:HAL_GPIO_EXTI_Callback	16	static,ignoring_inline_asm
../Core/Src/main.c:353:6:StartDefaultTask	16	static
../Core/Src/main.c:372:6:StartCheckUpdateTask	40	static
../Core/Src/main.c:429:6:HAL_TIM_PeriodElapsedCallback	16	static
../Core/Src/main.c:446:6:Error_Handler	4	static,ignoring_inline_asm
